// Jest Snapshot v1, https://goo.gl/fbAQLP

exports[`PickupPoint should render self and components 1`] = `
<div
  className="pkpmodal-pickup-point"
  id="1"
  onClick={[Function]}
>
  <div
    className="pkpmodal-pickup-point-main"
  >
    <div
      className="pkpmodal-pickup-point-marker"
    >
      <svg
        className="pkpmodal-pickup-point-marker-image"
        height="32"
        version="1.1"
        viewBox="0 0 48 48"
        width="32"
        x="0px"
        xmlns="http://www.w3.org/2000/svg"
        y="0px"
      >
        <path
          d="M24,1.11224c-9.38879,0-17,7.61115-17,17 c0,10.1424,12.87262,23.22955,16.2149,26.4566c0.44031,0.42517,1.12988,0.42517,1.57025,0C28.12744,41.3418,41,28.25464,41,18.11224 C41,8.72339,33.38879,1.11224,24,1.11224z"
          fill="#0176ff"
          stroke="#ffffff"
        />
        <circle
          cx="24"
          cy="18"
          fill="#FFFFFF"
          r="6"
        />
      </svg>
    </div>
    <div
      className="pkpmodal-pickup-point-info"
    >
      <p
        className="pkpmodal-pickup-point-name"
      >
        test
      </p>
      <div
        className="pkpmodal-pickup-point-address "
      >
        <div
          className="address-summary address-summary-BRA"
        >
          <br
            className="line1-delimiter"
          />
          <span
            className="country"
          >
            BRA
          </span>
        </div>
      </div>
      <span
        className="pkpmodal-pickup-point-availability"
      >
        1 item unavailable
      </span>
    </div>
  </div>
  <div
    className="pkpmodal-pickup-point-sla-availability"
  >
    <span
      className="pkpmodal-pickup-point-price"
    >
      R$ 1,00
    </span>
    <span
      className="pkpmodal-pickup-point-sla"
    >
      Ready in up to 1 business day
    </span>
  </div>
</div>
`;

exports[`PickupPoint should render self and components in not modal mode 1`] = `
<div
  className="pkpmodal-pickup-point"
  id="1"
  onClick={[Function]}
>
  <div
    className="pkpmodal-pickup-point-main"
  >
    <div
      className="pkpmodal-pickup-point-marker"
    >
      <svg
        className="pkpmodal-pickup-point-marker-image"
        height="32"
        version="1.1"
        viewBox="0 0 48 48"
        width="32"
        x="0px"
        xmlns="http://www.w3.org/2000/svg"
        y="0px"
      >
        <path
          d="M24,1.11224c-9.38879,0-17,7.61115-17,17 c0,10.1424,12.87262,23.22955,16.2149,26.4566c0.44031,0.42517,1.12988,0.42517,1.57025,0C28.12744,41.3418,41,28.25464,41,18.11224 C41,8.72339,33.38879,1.11224,24,1.11224z"
          fill="#0176ff"
          stroke="#ffffff"
        />
        <circle
          cx="24"
          cy="18"
          fill="#FFFFFF"
          r="6"
        />
      </svg>
    </div>
    <div
      className="pkpmodal-pickup-point-info"
    >
      <p
        className="pkpmodal-pickup-point-name"
      >
        test
      </p>
      <div
        className="pkpmodal-pickup-point-address "
      >
        <div
          className="address-summary address-summary-BRA"
        >
          <br
            className="line1-delimiter"
          />
          <span
            className="country"
          >
            BRA
          </span>
        </div>
      </div>
      <span
        className="pkpmodal-pickup-point-availability"
      >
        1 item unavailable
      </span>
    </div>
  </div>
  <div
    className="pkpmodal-pickup-point-sla-availability"
  >
    <span
      className="pkpmodal-pickup-point-price"
    >
      R$ 1,00
    </span>
    <span
      className="pkpmodal-pickup-point-sla"
    >
      Ready in up to 1 business day
    </span>
  </div>
</div>
`;

exports[`PickupPoint should render self and components with free price 1`] = `
<div
  className="pkpmodal-pickup-point"
  id="1"
  onClick={[Function]}
>
  <div
    className="pkpmodal-pickup-point-main"
  >
    <div
      className="pkpmodal-pickup-point-marker"
    >
      <svg
        className="pkpmodal-pickup-point-marker-image"
        height="32"
        version="1.1"
        viewBox="0 0 48 48"
        width="32"
        x="0px"
        xmlns="http://www.w3.org/2000/svg"
        y="0px"
      >
        <path
          d="M24,1.11224c-9.38879,0-17,7.61115-17,17 c0,10.1424,12.87262,23.22955,16.2149,26.4566c0.44031,0.42517,1.12988,0.42517,1.57025,0C28.12744,41.3418,41,28.25464,41,18.11224 C41,8.72339,33.38879,1.11224,24,1.11224z"
          fill="#0176ff"
          stroke="#ffffff"
        />
        <circle
          cx="24"
          cy="18"
          fill="#FFFFFF"
          r="6"
        />
      </svg>
    </div>
    <div
      className="pkpmodal-pickup-point-info"
    >
      <p
        className="pkpmodal-pickup-point-name"
      >
        test
      </p>
      <div
        className="pkpmodal-pickup-point-address "
      >
        <div
          className="address-summary address-summary-BRA"
        >
          <br
            className="line1-delimiter"
          />
          <span
            className="country"
          >
            BRA
          </span>
        </div>
      </div>
      <span
        className="pkpmodal-pickup-point-availability"
      >
        1 item unavailable
      </span>
    </div>
  </div>
  <div
    className="pkpmodal-pickup-point-sla-availability"
  >
    <span
      className="pkpmodal-pickup-point-price"
    >
      R$ 1,00
    </span>
    <span
      className="pkpmodal-pickup-point-sla"
    >
      Ready in up to 1 business day
    </span>
  </div>
</div>
`;

exports[`PickupPoint should render self and components with pickup point disabled 1`] = `
<div
  className="pkpmodal-pickup-point pkpmodal-pickup-point-disabled"
  id="1"
  onClick={[Function]}
>
  <div
    className="pkpmodal-pickup-point-main"
  >
    <div
      className="pkpmodal-pickup-point-marker"
    >
      <svg
        className="pkpmodal-pickup-point-marker-image"
        height="32"
        version="1.1"
        viewBox="0 0 48 48"
        width="32"
        x="0px"
        xmlns="http://www.w3.org/2000/svg"
        y="0px"
      >
        <path
          d="M24,1.11224c-9.38879,0-17,7.61115-17,17 c0,10.1424,12.87262,23.22955,16.2149,26.4566c0.44031,0.42517,1.12988,0.42517,1.57025,0C28.12744,41.3418,41,28.25464,41,18.11224 C41,8.72339,33.38879,1.11224,24,1.11224z"
          fill="#0176ff"
          stroke="#ffffff"
        />
        <circle
          cx="24"
          cy="18"
          fill="#FFFFFF"
          r="6"
        />
      </svg>
    </div>
    <div
      className="pkpmodal-pickup-point-info"
    >
      <p
        className="pkpmodal-pickup-point-name"
      >
        test
      </p>
      <div
        className="pkpmodal-pickup-point-address "
      >
        <div
          className="address-summary address-summary-BRA"
        >
          <br
            className="line1-delimiter"
          />
          <span
            className="country"
          >
            BRA
          </span>
        </div>
      </div>
      <span
        className="pkpmodal-pickup-point-availability"
      >
        1 item unavailable
      </span>
    </div>
  </div>
  <div
    className="pkpmodal-pickup-point-sla-availability"
  >
    <span
      className="pkpmodal-pickup-point-price"
    >
      R$ 1,00
    </span>
    <span
      className="pkpmodal-pickup-point-sla"
    >
      Ready in up to 1 business day
    </span>
  </div>
</div>
`;
